<area shape="rect" href="$classGrid__Project__Issues__Assigned.html" title="Project issues grid." alt="" coords="295,5,495,32">
<area shape="rect" href="$classGrid__Project__Issues__Component.html" title="Issues assigned to the component." alt="" coords="289,56,500,83">
<area shape="rect" href="$classGrid__Project__Issues__Latest.html" title="Project issues grid." alt="" coords="304,107,485,133">
<area shape="rect" href="$classGrid__Project__Issues__Milestone.html" title="Issues assigned to the component." alt="" coords="293,157,496,184">
<area shape="rect" href="$classGrid__Project__Issues__My.html" title="Project issues grid." alt="" coords="313,208,476,235">
<area shape="rect" href="$classGrid__Project__Issues__Navigator.html" title="Project issues grid." alt="" coords="295,259,495,285">
<area shape="rect" href="$classGrid__Project__Issues__Reported.html" title="Project issues grid." alt="" coords="296,309,493,336">
<area shape="rect" href="$classGrid__Project__Issues__Search.html" title="Project issues grid." alt="" coords="301,360,488,387">
<area shape="rect" href="$classGrid.html" title="Default base grid." alt="" coords="5,183,51,209">
