<area shape="rect" href="$classDefault__Controller.html" title="Base controller for default module." alt="" coords="132,208,255,235">
<area shape="rect" href="$classProject__Controller.html" title="Base controller for project module." alt="" coords="132,588,255,615">
<area shape="rect" href="$classActivityController.html" title="Activity controller." alt="" coords="361,5,481,32">
<area shape="rect" href="$classAuthController.html" title="Authorization controller." alt="" coords="369,56,473,83">
<area shape="rect" href="$classErrorController.html" title="Error controller." alt="" coords="369,107,473,133">
<area shape="rect" href="$classIndexController.html" title="Index controller." alt="" coords="368,157,475,184">
<area shape="rect" href="$classIssuesController.html" title="Issues controller." alt="" coords="364,208,479,235">
<area shape="rect" href="$classProjectsController.html" title="Projects controller." alt="" coords="360,259,483,285">
<area shape="rect" href="$classSearchController.html" title="Search controller." alt="" coords="363,309,480,336">
<area shape="rect" href="$classUsersController.html" title="Users controller." alt="" coords="367,360,476,387">
<area shape="rect" href="$classProject__ActivityController.html" title="Activity controller." alt="" coords="337,411,505,437">
<area shape="rect" href="$classProject__ComponentsController.html" title="Components controller." alt="" coords="323,461,520,488">
<area shape="rect" href="$classProject__IndexController.html" title="Index controller." alt="" coords="344,512,499,539">
<area shape="rect" href="$classProject__Issues__CommentsController.html" title="Issues comments controller." alt="" coords="305,563,537,589">
<area shape="rect" href="$classProject__Issues__FilesController.html" title="Issues files controller." alt="" coords="323,613,520,640">
<area shape="rect" href="$classProject__IssuesController.html" title="Issues controller." alt="" coords="340,664,503,691">
<area shape="rect" href="$classProject__MembersController.html" title="Members controller." alt="" coords="332,715,511,741">
<area shape="rect" href="$classProject__MilestonesController.html" title="Milestones controller." alt="" coords="328,765,515,792">
<area shape="rect" href="$classProject__NotesController.html" title="Notes controller." alt="" coords="343,816,500,843">
